Microsoft Windows [version 10.0.17763.437]
(c) 2018 Microsoft Corporation. Tous droits réservés.

D:\Dossiers\OpenClassrooms\OpenClassrooms\Cours\Projet\Projet 2\Exercices\Exercice 2> git init
Initialized empty Git repository in D:/Dossiers/OpenClassrooms/OpenClassrooms/Cours/Projet/Projet 2/Exercices/Exercice 2/.git/

D:\Dossiers\OpenClassrooms\OpenClassrooms\Cours\Projet\Projet 2\Exercices\Exercice 2> git clone https://github.com/SethosPrim/Activit-2.git
Cloning into 'Activit-2'...
warning: You appear to have cloned an empty repository.

D:\Dossiers\OpenClassrooms\OpenClassrooms\Cours\Projet\Projet 2\Exercices\Exercice 2> cd Activit-2

D:\Dossiers\OpenClassrooms\OpenClassrooms\Cours\Projet\Projet 2\Exercices\Exercice 2\Activit-2> echo > README.txt

D:\Dossiers\OpenClassrooms\OpenClassrooms\Cours\Projet\Projet 2\Exercices\Exercice 2\Activit-2> notepad README.txt

D:\Dossiers\OpenClassrooms\OpenClassrooms\Cours\Projet\Projet 2\Exercices\Exercice 2\Activit-2> git add README.txt

D:\Dossiers\OpenClassrooms\OpenClassrooms\Cours\Projet\Projet 2\Exercices\Exercice 2\Activit-2> git commit -m "présentation du projet"
[master (root-commit) 79cf440] présentation du projet
 1 file changed, 13 insertions(+)
 create mode 100644 README.txt

D:\Dossiers\OpenClassrooms\OpenClassrooms\Cours\Projet\Projet 2\Exercices\Exercice 2\Activit-2> git log
commit 79cf440e6875f9d42ae662927ec925a77f502a18 (HEAD -> master)
Author: frederic <fredericScourbin@gmail.com>
Date:   Thu May 2 10:24:45 2019 +0200

    pr<C3><A9>sentation du projet

D:\Dossiers\OpenClassrooms\OpenClassrooms\Cours\Projet\Projet 2\Exercices\Exercice 2\Activit-2>